ARM Linker, 5.03 [Build 76] [MDK-ARM Standard]

==============================================================================

Section Cross References

    startup_stm32f0xx.o(STACK) refers (Special) to heapauxi.o(.text) for __use_two_region_memory
    startup_stm32f0xx.o(HEAP) refers (Special) to heapauxi.o(.text) for __use_two_region_memory
    startup_stm32f0xx.o(RESET) refers (Special) to heapauxi.o(.text) for __use_two_region_memory
    startup_stm32f0xx.o(RESET) refers to startup_stm32f0xx.o(STACK) for __initial_sp
    startup_stm32f0xx.o(RESET) refers to startup_stm32f0xx.o(.text) for Reset_Handler
    startup_stm32f0xx.o(RESET) refers to systick.o(.text) for SysTick_Handler
    startup_stm32f0xx.o(RESET) refers to spi1.o(.text) for SPI1_IRQHandler
    startup_stm32f0xx.o(RESET) refers to spi2.o(.text) for SPI2_IRQHandler
    startup_stm32f0xx.o(RESET) refers to usart1.o(.text) for USART1_IRQHandler
    startup_stm32f0xx.o(RESET) refers to usart2.o(.text) for USART2_IRQHandler
    startup_stm32f0xx.o(.text) refers (Special) to heapauxi.o(.text) for __use_two_region_memory
    startup_stm32f0xx.o(.text) refers to system_stm32f0xx.o(.text) for SystemInit
    startup_stm32f0xx.o(.text) refers to __main.o(!!!main) for __main
    startup_stm32f0xx.o(.text) refers to startup_stm32f0xx.o(HEAP) for Heap_Mem
    startup_stm32f0xx.o(.text) refers to startup_stm32f0xx.o(STACK) for Stack_Mem
    start_up.o(.text) refers to os.o(.text) for OS_Init
    system_stm32f0xx.o(.text) refers to aeabi_sdiv.o(.text) for __aeabi_uidivmod
    system_stm32f0xx.o(.text) refers to system_stm32f0xx.o(.data) for .data
    clock_arch.o(.text) refers to clockmanager.o(.text) for os_clock_register
    clock_arch.o(.text) refers to clock_arch.o(.constdata) for .constdata
    clock_arch.o(.constdata) refers to clock_arch.o(.text) for gpioa_clock_enable
    clock_arch.o(.constdata) refers to clock_arch.o(.bss) for clock_status
    mem.o(.text) refers to _printf_pad.o(.text) for _printf_pre_padding
    mem.o(.text) refers to _printf_percent.o(.ARM.Collect$$_printf_percent$$00000000) for _printf_percent
    mem.o(.text) refers to _printf_x.o(.ARM.Collect$$_printf_percent$$0000000C) for _printf_x
    mem.o(.text) refers to _printf_hex_int.o(.text) for _printf_longlong_hex
    mem.o(.text) refers to noretval__2printf.o(.text) for __2printf
    mem.o(.text) refers to mem.o(.data) for .data
    mem.o(.text) refers to mem.o(.constdata) for .constdata
    mem.o(.data) refers to mem.o(.text) for mem_init
    systick.o(.text) refers to os.o(.text) for systick_process
    systick.o(.text) refers to systick.o(.data) for .data
    gpio_mgr.o(.text) refers to clockmanager.o(.text) for os_clock_open
    gpio_mgr.o(.text) refers to stm32f0xx_gpio.o(.text) for GPIO_Init
    gpio_mgr.o(.text) refers to gpio_mgr.o(.constdata) for .constdata
    system_task.o(.text) refers to gol.o(.text) for GOLDraw
    system_task.o(.text) refers to os.o(.text) for OS_get_taskstate
    system_task.o(.text) refers to system_task.o(.data) for .data
    system_task.o(.constdata) refers to user_task.o(.text) for task_demo
    system_task.o(.constdata) refers to manufacture_task.o(.text) for task_manufacture
    system_task.o(.constdata) refers to gui_task.o(.text) for task_gui_init
    system_task.o(.constdata) refers to system_task.o(.text) for Task_Free
    system_task.o(.constdata) refers to user_task.o(.text) for task_demo_init
    system_task.o(.constdata) refers to manufacture_task.o(.text) for task_manufacture_init
    system_task.o(.constdata) refers to gui_task.o(.text) for task_gui
    system_task.o(.constdata) refers to system_task.o(.text) for Task_Free_Init
    manufacture_task.o(.text) refers to eeprom.o(.text) for eeprom_register
    manufacture_task.o(.text) refers to device.o(.text) for os_device_init_all
    manufacture_task.o(.text) refers to os.o(.text) for exam_assert
    manufacture_task.o(.text) refers to me2_ch2o.o(.text) for sensor_get_voltage
    manufacture_task.o(.text) refers to mem.o(.text) for os_memmove
    manufacture_task.o(.text) refers to message.o(.text) for get_message
    manufacture_task.o(.text) refers to noretval__2printf.o(.text) for __2printf
    manufacture_task.o(.text) refers to rt_memcpy.o(.text) for __aeabi_memcpy
    manufacture_task.o(.text) refers to system_task.o(.data) for Current_Task
    user_task.o(.text) refers to _printf_pad.o(.text) for _printf_pre_padding
    user_task.o(.text) refers to _printf_percent.o(.ARM.Collect$$_printf_percent$$00000000) for _printf_percent
    user_task.o(.text) refers to _printf_d.o(.ARM.Collect$$_printf_percent$$00000009) for _printf_d
    user_task.o(.text) refers to _printf_dec.o(.text) for _printf_int_dec
    user_task.o(.text) refers to hal_timer.o(.text) for os_timer_period
    user_task.o(.text) refers to device.o(.text) for os_device_get
    user_task.o(.text) refers to noretval__2printf.o(.text) for __2printf
    user_task.o(.text) refers to led.o(.text) for leds_control
[...]
    __rt_exit_ls                             0x08000181   Thumb Code     0  rtexit2.o(.ARM.Collect$$rtexit$$00000003)
    __rt_exit_prels_1                        0x08000181   Thumb Code     0  rtexit2.o(.ARM.Collect$$rtexit$$00000002)
    __rt_exit_exit                           0x08000185   Thumb Code     0  rtexit2.o(.ARM.Collect$$rtexit$$00000004)
    __aeabi_memcpy4                          0x0800018d   Thumb Code    56  rt_memcpy.o(.emb_text)
    __aeabi_memcpy8                          0x0800018d   Thumb Code     0  rt_memcpy.o(.emb_text)
    Reset_Handler                            0x080001c5   Thumb Code     8  startup_stm32f0xx.o(.text)
    _maybe_terminate_alloc                   0x080001c5   Thumb Code     0  maybetermalloc1.o(.emb_text)
    NMI_Handler                              0x080001cd   Thumb Code     2  startup_stm32f0xx.o(.text)
    HardFault_Handler                        0x080001cf   Thumb Code     2  startup_stm32f0xx.o(.text)
    SVC_Handler                              0x080001d1   Thumb Code     2  startup_stm32f0xx.o(.text)
    PendSV_Handler                           0x080001d3   Thumb Code     2  startup_stm32f0xx.o(.text)
    ADC1_COMP_IRQHandler                     0x080001d7   Thumb Code     0  startup_stm32f0xx.o(.text)
    CEC_IRQHandler                           0x080001d7   Thumb Code     0  startup_stm32f0xx.o(.text)
    DMA1_Channel1_IRQHandler                 0x080001d7   Thumb Code     0  startup_stm32f0xx.o(.text)
    DMA1_Channel2_3_IRQHandler               0x080001d7   Thumb Code     0  startup_stm32f0xx.o(.text)
    DMA1_Channel4_5_IRQHandler               0x080001d7   Thumb Code     0  startup_stm32f0xx.o(.text)
    EXTI0_1_IRQHandler                       0x080001d7   Thumb Code     0  startup_stm32f0xx.o(.text)
    EXTI2_3_IRQHandler                       0x080001d7   Thumb Code     0  startup_stm32f0xx.o(.text)
    EXTI4_15_IRQHandler                      0x080001d7   Thumb Code     0  startup_stm32f0xx.o(.text)
    FLASH_IRQHandler                         0x080001d7   Thumb Code     0  startup_stm32f0xx.o(.text)
    I2C1_IRQHandler                          0x080001d7   Thumb Code     0  startup_stm32f0xx.o(.text)
    I2C2_IRQHandler                          0x080001d7   Thumb Code     0  startup_stm32f0xx.o(.text)
    PVD_IRQHandler                           0x080001d7   Thumb Code     0  startup_stm32f0xx.o(.text)
    RCC_IRQHandler                           0x080001d7   Thumb Code     0  startup_stm32f0xx.o(.text)
    RTC_IRQHandler                           0x080001d7   Thumb Code     0  startup_stm32f0xx.o(.text)
    TIM14_IRQHandler                         0x080001d7   Thumb Code     0  startup_stm32f0xx.o(.text)
    TIM15_IRQHandler                         0x080001d7   Thumb Code     0  startup_stm32f0xx.o(.text)
    TIM16_IRQHandler                         0x080001d7   Thumb Code     0  startup_stm32f0xx.o(.text)
    TIM17_IRQHandler                         0x080001d7   Thumb Code     0  startup_stm32f0xx.o(.text)
    TIM1_BRK_UP_TRG_COM_IRQHandler           0x080001d7   Thumb Code     0  startup_stm32f0xx.o(.text)
    TIM1_CC_IRQHandler                       0x080001d7   Thumb Code     0  startup_stm32f0xx.o(.text)
    TIM2_IRQHandler                          0x080001d7   Thumb Code     0  startup_stm32f0xx.o(.text)
    TIM3_IRQHandler                          0x080001d7   Thumb Code     0  startup_stm32f0xx.o(.text)
    TIM6_DAC_IRQHandler                      0x080001d7   Thumb Code     0  startup_stm32f0xx.o(.text)
    TS_IRQHandler                            0x080001d7   Thumb Code     0  startup_stm32f0xx.o(.text)
    WWDG_IRQHandler                          0x080001d7   Thumb Code     0  startup_stm32f0xx.o(.text)
    __user_initial_stackheap                 0x080001d9   Thumb Code     0  startup_stm32f0xx.o(.text)
    main                                     0x080001fd   Thumb Code    10  start_up.o(.text)
    SystemInit                               0x0800029f   Thumb Code    78  system_stm32f0xx.o(.text)
    SystemCoreClockUpdate                    0x080002ed   Thumb Code    90  system_stm32f0xx.o(.text)
    clock_add_to_manager_list                0x08000365   Thumb Code    14  clock_arch.o(.text)
    osmemcpy                                 0x0800054d   Thumb Code    16  mem.o(.text)
    osmemset                                 0x0800055d   Thumb Code    12  mem.o(.text)
    os_memmove                               0x08000569   Thumb Code    46  mem.o(.text)
    mem_init                                 0x08000597   Thumb Code    22  mem.o(.text)
    mem_perused                              0x080005ad   Thumb Code    66  mem.o(.text)
    osfree                                   0x0800066d   Thumb Code    20  mem.o(.text)
    osmalloc                                 0x08000681   Thumb Code    24  mem.o(.text)
    osrealloc                                0x08000699   Thumb Code    48  mem.o(.text)
    crc16                                    0x080006c9   Thumb Code    54  mem.o(.text)
    _list_mem                                0x080006ff   Thumb Code    40  mem.o(.text)
    _mem_read                                0x08000727   Thumb Code    46  mem.o(.text)
    sys_tick_init                            0x08000839   Thumb Code    10  systick.o(.text)
    delay_us                                 0x08000843   Thumb Code    44  systick.o(.text)
    delay_ms                                 0x0800086f   Thumb Code     8  systick.o(.text)
    SysTick_Handler                          0x08000877   Thumb Code     8  systick.o(.text)
    os_gpio_init                             0x080008bd   Thumb Code   252  gpio_mgr.o(.text)
    Task_Free_Init                           0x080009dd   Thumb Code     2  system_task.o(.text)
    Task_Free                                0x080009df   Thumb Code    28  system_task.o(.text)
    board_hardware_initiate                  0x080009fb   Thumb Code     2  system_task.o(.text)
    System_Tick_Hook                         0x080009fd   Thumb Code     2  system_task.o(.text)
    task_manufacture_init                    0x08000a05   Thumb Code    16  manufacture_task.o(.text)
    task_manufacture                         0x08000b29   Thumb Code    62  manufacture_task.o(.text)
    call_back_test                           0x08000c19   Thumb Code     2  user_task.o(.text)
    process_event                            0x08000c1b   Thumb Code   364  user_task.o(.text)
    task_demo_init                           0x08000d87   Thumb Code    84  user_task.o(.text)
    task_demo                                0x08000ddb   Thumb Code    62  user_task.o(.text)
    task_gui_init                            0x08000e49   Thumb Code     8  gui_task.o(.text)
    task_gui                                 0x08000e51   Thumb Code   484  gui_task.o(.text)
    os_clock_register                        0x08001065   Thumb Code    12  clockmanager.o(.text)
    os_clock_get                             0x08001071   Thumb Code    36  clockmanager.o(.text)
    os_clock_open                            0x08001095   Thumb Code   142  clockmanager.o(.text)
    os_clock_close                           0x08001123   Thumb Code   130  clockmanager.o(.text)
    os_clock_restore                         0x080011a5   Thumb Code   158  clockmanager.o(.text)
    MY_NVIC_SetVectorTable                   0x08001243   Thumb Code     2  clockmanager.o(.text)
    MY_NVIC_PriorityGroupConfig              0x08001245   Thumb Code    24  clockmanager.o(.text)
    MY_NVIC_Init                             0x0800125d   Thumb Code    70  clockmanager.o(.text)
    Ex_NVIC_Config                           0x080012a3   Thumb Code     2  clockmanager.o(.text)
    MYRCC_DeInit                             0x080012a5   Thumb Code     2  clockmanager.o(.text)
    Sys_Soft_Reset                           0x080012a7   Thumb Code    10  clockmanager.o(.text)
    JTAG_Set                                 0x080012b1   Thumb Code     2  clockmanager.o(.text)
    WFI_SET                                  0x080012b3   Thumb Code     4  clockmanager.o(.text)
    Sys_Standby                              0x080012b7   Thumb Code    76  clockmanager.o(.text)
    os_device_register                       0x08001329   Thumb Code    44  device.o(.text)
    os_device_unregister                     0x08001355   Thumb Code    12  device.o(.text)
    os_device_init_all                       0x08001361   Thumb Code    42  device.o(.text)
    os_device_open                           0x0800138b   Thumb Code    90  device.o(.text)
    os_device_close                          0x080013e5   Thumb Code    38  device.o(.text)
    os_device_read                           0x0800140b   Thumb Code    24  device.o(.text)
    os_device_write                          0x08001423   Thumb Code    22  device.o(.text)
    os_device_control                        0x08001439   Thumb Code    16  device.o(.text)
    os_device_set_rx_indicate                0x08001449   Thumb Code    10  device.o(.text)
    os_device_set_tx_complete                0x08001453   Thumb Code    10  device.o(.text)
    os_device_get                            0x0800145d   Thumb Code    18  device.o(.text)
    _list_device                             0x0800146f   Thumb Code    68  device.o(.text)
    get_message                              0x080014fd   Thumb Code    38  message.o(.text)
    delete_message                           0x08001523   Thumb Code    86  message.o(.text)
    send_message                             0x08001579   Thumb Code   144  message.o(.text)
    os_object_find                           0x0800160d   Thumb Code    34  obj.o(.text)
    os_object_init                           0x0800162f   Thumb Code    58  obj.o(.text)
    os_object_detach                         0x08001669   Thumb Code    18  obj.o(.text)
    os_show_version                          0x0800167d   Thumb Code    48  os.o(.text)
    OS_Init                                  0x080016ad   Thumb Code    72  os.o(.text)
    OS_get_taskstate                         0x080016f5   Thumb Code     6  os.o(.text)
    OS_get_tick                              0x080016fb   Thumb Code     6  os.o(.text)
    Shedule                                  0x08001701   Thumb Code    50  os.o(.text)
    systick_process                          0x08001733   Thumb Code    16  os.o(.text)
    exam_assert                              0x08001743   Thumb Code    18  os.o(.text)
    add_timer_struct                         0x08001819   Thumb Code    78  hal_timer.o(.text)
    del_struct                               0x08001867   Thumb Code    36  hal_timer.o(.text)
    del_timer_struct                         0x0800188b   Thumb Code    46  hal_timer.o(.text)
    os_timer_expired                         0x080018b9   Thumb Code    46  hal_timer.o(.text)
    os_timer_period                          0x080018e7   Thumb Code    46  hal_timer.o(.text)
    timer_process                            0x08001915   Thumb Code    94  hal_timer.o(.text)
    _list_timer                              0x08001973   Thumb Code    74  hal_timer.o(.text)
    usart1_register                          0x08001b61   Thumb Code    60  usart1.o(.text)
    uart1_close                              0x08001b9d   Thumb Code    18  usart1.o(.text)
    USART1_IRQHandler                        0x08001baf   Thumb Code    62  usart1.o(.text)
    sys_exit                                 0x08001bed   Thumb Code     2  usart1.o(.text)
    fputc                                    0x08001bef   Thumb Code    20  usart1.o(.text)
    usart_register                           0x08001d31   Thumb Code    56  usart2.o(.text)
    uart2_close                              0x08001d69   Thumb Code    36  usart2.o(.text)
    DMA1_Channel4_IRQHandler                 0x08001d8d   Thumb Code    28  usart2.o(.text)
    USART2_IRQHandler                        0x08001da9   Thumb Code    92  usart2.o(.text)
    led_init                                 0x08001ea5   Thumb Code    16  led.o(.text)
    leds_control                             0x08001eb5   Thumb Code    80  led.o(.text)
    relays_register                          0x08001fbf   Thumb Code    54  relay.o(.text)
    _relay_control                           0x08001ff5   Thumb Code    10  relay.o(.text)
    spi2_register                            0x08002123   Thumb Code    64  spi2.o(.text)
    spi2_close                               0x08002163   Thumb Code    18  spi2.o(.text)
    SPI2_IRQHandler                          0x08002175   Thumb Code     2  spi2.o(.text)
    lcd_refresh_buffer                       0x080021a5   Thumb Code    76  lcd.o(.text)
    clear_screen                             0x080021f1   Thumb Code    94  lcd.o(.text)
    lcd_drawpoint                            0x080022b9   Thumb Code    74  lcd.o(.text)
    lcd_showchar                             0x08002303   Thumb Code   106  lcd.o(.text)
    lcd_register                             0x0800251d   Thumb Code    90  lcd.o(.text)
    lcd_read_point                           0x08002577   Thumb Code   128  lcd.o(.text)
    lcd_printf                               0x080025f7   Thumb Code     2  lcd.o(.text)
    sensor_get_voltage                       0x080027c3   Thumb Code   184  me2_ch2o.o(.text)
    me2_ch20_read                            0x080028e7   Thumb Code    36  me2_ch2o.o(.text)
    me2_ch20_register                        0x08002a2f   Thumb Code    52  me2_ch2o.o(.text)
    htu20_init                               0x08002e1d   Thumb Code   118  htu20d.o(.text)
    htu20_register                           0x08002e93   Thumb Code   138  htu20d.o(.text)
    htu20_close                              0x08002f1d   Thumb Code    18  htu20d.o(.text)
    htu20_read                               0x08002f2f   Thumb Code    18  htu20d.o(.text)
    calcrc_1byte                             0x08002f41   Thumb Code    42  htu20d.o(.text)
    eeprom_register                          0x08003235   Thumb Code    84  eeprom.o(.text)
    spi1_register                            0x080033fd   Thumb Code    58  spi1.o(.text)
    spi1_close                               0x08003437   Thumb Code    18  spi1.o(.text)
    SPI1_IRQHandler                          0x08003449   Thumb Code     2  spi1.o(.text)
    w25qxx_register                          0x08003721   Thumb Code    60  w25qxx.o(.text)
    w25qxx_close                             0x0800375d   Thumb Code     4  w25qxx.o(.text)
    _flash_read                              0x08003aad   Thumb Code    78  w25qxx.o(.text)
    _flash_cp                                0x08003afb   Thumb Code    10  w25qxx.o(.text)
    Add                                      0x08003b71   Thumb Code     4  cmd.o(.text)
    PutString                                0x08003b75   Thumb Code    24  cmd.o(.text)
    list_timer                               0x08003b8d   Thumb Code     8  cmd.o(.text)
    list_device                              0x08003b95   Thumb Code     8  cmd.o(.text)
    relay_control                            0x08003b9d   Thumb Code    10  cmd.o(.text)
    list_mem                                 0x08003ba7   Thumb Code    10  cmd.o(.text)
    mem_read                                 0x08003bb1   Thumb Code    10  cmd.o(.text)
    flash_read                               0x08003bbb   Thumb Code    10  cmd.o(.text)
    flash_cp                                 0x08003bc5   Thumb Code    10  cmd.o(.text)
    Q_Sh_CmdHandler                          0x0800427d   Thumb Code   122  q_shell.o(.text)
    Q_Sh_rx_callback                         0x080042f7   Thumb Code   352  q_shell.o(.text)
    ADC_DeInit                               0x080045b9   Thumb Code    28  stm32f0xx_adc.o(.text)
    ADC_Init                                 0x080045d5   Thumb Code    38  stm32f0xx_adc.o(.text)
    ADC_StructInit                           0x080045fb   Thumb Code    16  stm32f0xx_adc.o(.text)
    ADC_Cmd                                  0x0800460b   Thumb Code    18  stm32f0xx_adc.o(.text)
    ADC_JitterCmd                            0x0800461d   Thumb Code    16  stm32f0xx_adc.o(.text)
    ADC_AutoPowerOffCmd                      0x0800462d   Thumb Code    20  stm32f0xx_adc.o(.text)
    ADC_WaitModeCmd                          0x08004641   Thumb Code    20  stm32f0xx_adc.o(.text)
    ADC_AnalogWatchdogCmd                    0x08004655   Thumb Code    20  stm32f0xx_adc.o(.text)
    ADC_AnalogWatchdogThresholdsConfig       0x08004669   Thumb Code     8  stm32f0xx_adc.o(.text)
    ADC_AnalogWatchdogSingleChannelConfig    0x08004671   Thumb Code    14  stm32f0xx_adc.o(.text)
    ADC_AnalogWatchdogSingleChannelCmd       0x0800467f   Thumb Code    20  stm32f0xx_adc.o(.text)
    ADC_TempSensorCmd                        0x08004693   Thumb Code    22  stm32f0xx_adc.o(.text)
    ADC_VrefintCmd                           0x080046a9   Thumb Code    22  stm32f0xx_adc.o(.text)
    ADC_VbatCmd                              0x080046bf   Thumb Code    22  stm32f0xx_adc.o(.text)
    ADC_ChannelConfig                        0x080046d5   Thumb Code    10  stm32f0xx_adc.o(.text)
    ADC_ContinuousModeCmd                    0x080046df   Thumb Code    20  stm32f0xx_adc.o(.text)
    ADC_DiscModeCmd                          0x080046f3   Thumb Code    20  stm32f0xx_adc.o(.text)
    ADC_OverrunModeCmd                       0x08004707   Thumb Code    20  stm32f0xx_adc.o(.text)
    ADC_GetCalibrationFactor                 0x0800471b   Thumb Code    46  stm32f0xx_adc.o(.text)
    ADC_StopOfConversion                     0x08004749   Thumb Code    10  stm32f0xx_adc.o(.text)
    ADC_StartOfConversion                    0x08004753   Thumb Code    10  stm32f0xx_adc.o(.text)
    ADC_GetConversionValue                   0x0800475d   Thumb Code     6  stm32f0xx_adc.o(.text)
    ADC_DMACmd                               0x08004763   Thumb Code    20  stm32f0xx_adc.o(.text)
    ADC_DMARequestModeConfig                 0x08004777   Thumb Code    16  stm32f0xx_adc.o(.text)
    ADC_ITConfig                             0x08004787   Thumb Code    16  stm32f0xx_adc.o(.text)
    ADC_GetFlagStatus                        0x08004797   Thumb Code    28  stm32f0xx_adc.o(.text)
    ADC_ClearFlag                            0x080047b3   Thumb Code     4  stm32f0xx_adc.o(.text)
    ADC_GetITStatus                          0x080047b7   Thumb Code    22  stm32f0xx_adc.o(.text)
    ADC_ClearITPendingBit                    0x080047cd   Thumb Code     4  stm32f0xx_adc.o(.text)
    DMA_DeInit                               0x080047dd   Thumb Code   100  stm32f0xx_dma.o(.text)
    DMA_Init                                 0x08004841   Thumb Code    56  stm32f0xx_dma.o(.text)
    DMA_StructInit                           0x08004879   Thumb Code    26  stm32f0xx_dma.o(.text)
    DMA_Cmd                                  0x08004893   Thumb Code    20  stm32f0xx_dma.o(.text)
    DMA_SetCurrDataCounter                   0x080048a7   Thumb Code     4  stm32f0xx_dma.o(.text)
    DMA_GetCurrDataCounter                   0x080048ab   Thumb Code     6  stm32f0xx_dma.o(.text)
    DMA_ITConfig                             0x080048b1   Thumb Code    16  stm32f0xx_dma.o(.text)
    DMA_GetFlagStatus                        0x080048c1   Thumb Code    18  stm32f0xx_dma.o(.text)
    DMA_ClearFlag                            0x080048d3   Thumb Code     8  stm32f0xx_dma.o(.text)
    DMA_GetITStatus                          0x080048db   Thumb Code    18  stm32f0xx_dma.o(.text)
    DMA_ClearITPendingBit                    0x080048ed   Thumb Code     8  stm32f0xx_dma.o(.text)
    FLASH_SetLatency                         0x08004901   Thumb Code    14  stm32f0xx_flash.o(.text)
    FLASH_PrefetchBufferCmd                  0x0800490f   Thumb Code    20  stm32f0xx_flash.o(.text)
    FLASH_GetPrefetchBufferStatus            0x08004923   Thumb Code    14  stm32f0xx_flash.o(.text)
    FLASH_Unlock                             0x08004931   Thumb Code    18  stm32f0xx_flash.o(.text)
    FLASH_Lock                               0x08004943   Thumb Code    12  stm32f0xx_flash.o(.text)
    FLASH_GetStatus                          0x0800494f   Thumb Code    34  stm32f0xx_flash.o(.text)
    FLASH_WaitForLastOperation               0x08004971   Thumb Code    34  stm32f0xx_flash.o(.text)
    FLASH_ErasePage                          0x08004993   Thumb Code    52  stm32f0xx_flash.o(.text)
    FLASH_EraseAllPages                      0x080049c7   Thumb Code    48  stm32f0xx_flash.o(.text)
    FLASH_ProgramWord                        0x080049f7   Thumb Code    70  stm32f0xx_flash.o(.text)
    FLASH_ProgramHalfWord                    0x08004a3d   Thumb Code    48  stm32f0xx_flash.o(.text)
    FLASH_OB_Unlock                          0x08004a6d   Thumb Code    18  stm32f0xx_flash.o(.text)
    FLASH_OB_Lock                            0x08004a7f   Thumb Code    12  stm32f0xx_flash.o(.text)
    FLASH_OB_Launch                          0x08004a8b   Thumb Code    14  stm32f0xx_flash.o(.text)
    FLASH_OB_GetRDP                          0x08004a99   Thumb Code    16  stm32f0xx_flash.o(.text)
    FLASH_OB_Erase                           0x08004aa9   Thumb Code   106  stm32f0xx_flash.o(.text)
    FLASH_OB_EnableWRP                       0x08004b13   Thumb Code    80  stm32f0xx_flash.o(.text)
    FLASH_OB_RDPConfig                       0x08004b63   Thumb Code    82  stm32f0xx_flash.o(.text)
    FLASH_OB_UserConfig                      0x08004bb5   Thumb Code    64  stm32f0xx_flash.o(.text)
    FLASH_OB_BOOTConfig                      0x08004bf5   Thumb Code    54  stm32f0xx_flash.o(.text)
    FLASH_OB_VDDAConfig                      0x08004c2b   Thumb Code    54  stm32f0xx_flash.o(.text)
    FLASH_OB_SRAMParityConfig                0x08004c61   Thumb Code    54  stm32f0xx_flash.o(.text)
    FLASH_OB_WriteUser                       0x08004c97   Thumb Code    54  stm32f0xx_flash.o(.text)
    FLASH_ProgramOptionByteData              0x08004ccd   Thumb Code    68  stm32f0xx_flash.o(.text)
    FLASH_OB_GetUser                         0x08004d11   Thumb Code    10  stm32f0xx_flash.o(.text)
    FLASH_OB_GetWRP                          0x08004d1b   Thumb Code     6  stm32f0xx_flash.o(.text)
    FLASH_ITConfig                           0x08004d21   Thumb Code    18  stm32f0xx_flash.o(.text)
    FLASH_GetFlagStatus                      0x08004d33   Thumb Code    16  stm32f0xx_flash.o(.text)
    FLASH_ClearFlag                          0x08004d43   Thumb Code     6  stm32f0xx_flash.o(.text)
    GPIO_DeInit                              0x08004d4d   Thumb Code    78  stm32f0xx_gpio.o(.text)
    GPIO_Init                                0x08004d9b   Thumb Code   112  stm32f0xx_gpio.o(.text)
    GPIO_StructInit                          0x08004e0b   Thumb Code    18  stm32f0xx_gpio.o(.text)
    GPIO_PinLockConfig                       0x08004e1d   Thumb Code    26  stm32f0xx_gpio.o(.text)
    GPIO_ReadInputDataBit                    0x08004e37   Thumb Code    14  stm32f0xx_gpio.o(.text)
    GPIO_ReadInputData                       0x08004e45   Thumb Code     4  stm32f0xx_gpio.o(.text)
    GPIO_ReadOutputDataBit                   0x08004e49   Thumb Code    14  stm32f0xx_gpio.o(.text)
    GPIO_ReadOutputData                      0x08004e57   Thumb Code     4  stm32f0xx_gpio.o(.text)
    GPIO_SetBits                             0x08004e5b   Thumb Code     4  stm32f0xx_gpio.o(.text)
    GPIO_ResetBits                           0x08004e5f   Thumb Code     4  stm32f0xx_gpio.o(.text)
    GPIO_WriteBit                            0x08004e63   Thumb Code    12  stm32f0xx_gpio.o(.text)
    GPIO_Write                               0x08004e6f   Thumb Code     4  stm32f0xx_gpio.o(.text)
    GPIO_PinAFConfig                         0x08004e73   Thumb Code    32  stm32f0xx_gpio.o(.text)
    I2C_DeInit                               0x08004ea9   Thumb Code    34  stm32f0xx_i2c.o(.text)
    I2C_Init                                 0x08004ecb   Thumb Code    92  stm32f0xx_i2c.o(.text)
    I2C_StructInit                           0x08004f27   Thumb Code    22  stm32f0xx_i2c.o(.text)
    I2C_Cmd                                  0x08004f3d   Thumb Code    20  stm32f0xx_i2c.o(.text)
    I2C_SoftwareResetCmd                     0x08004f51   Thumb Code    20  stm32f0xx_i2c.o(.text)
    I2C_ITConfig                             0x08004f65   Thumb Code    16  stm32f0xx_i2c.o(.text)
    I2C_StretchClockCmd                      0x08004f75   Thumb Code    20  stm32f0xx_i2c.o(.text)
    I2C_StopModeCmd                          0x08004f89   Thumb Code    20  stm32f0xx_i2c.o(.text)
    I2C_DualAddressCmd                       0x08004f9d   Thumb Code    20  stm32f0xx_i2c.o(.text)
    I2C_OwnAddress2Config                    0x08004fb1   Thumb Code    24  stm32f0xx_i2c.o(.text)
    I2C_GeneralCallCmd                       0x08004fc9   Thumb Code    20  stm32f0xx_i2c.o(.text)
    I2C_SlaveByteControlCmd                  0x08004fdd   Thumb Code    20  stm32f0xx_i2c.o(.text)
    I2C_SlaveAddressConfig                   0x08004ff1   Thumb Code    16  stm32f0xx_i2c.o(.text)
    I2C_10BitAddressingModeCmd               0x08005001   Thumb Code    20  stm32f0xx_i2c.o(.text)
    I2C_AutoEndCmd                           0x08005015   Thumb Code    20  stm32f0xx_i2c.o(.text)
    I2C_ReloadCmd                            0x08005029   Thumb Code    20  stm32f0xx_i2c.o(.text)
    I2C_NumberOfBytesConfig                  0x0800503d   Thumb Code    16  stm32f0xx_i2c.o(.text)
    I2C_MasterRequestConfig                  0x0800504d   Thumb Code    20  stm32f0xx_i2c.o(.text)
    I2C_GenerateSTART                        0x08005061   Thumb Code    20  stm32f0xx_i2c.o(.text)
    I2C_GenerateSTOP                         0x08005075   Thumb Code    20  stm32f0xx_i2c.o(.text)
    I2C_10BitAddressHeaderCmd                0x08005089   Thumb Code    20  stm32f0xx_i2c.o(.text)
    I2C_AcknowledgeConfig                    0x0800509d   Thumb Code    20  stm32f0xx_i2c.o(.text)
    I2C_GetAddressMatched                    0x080050b1   Thumb Code    10  stm32f0xx_i2c.o(.text)
    I2C_GetTransferDirection                 0x080050bb   Thumb Code    18  stm32f0xx_i2c.o(.text)
    I2C_TransferHandling                     0x080050cd   Thumb Code    28  stm32f0xx_i2c.o(.text)
    I2C_SMBusAlertCmd                        0x080050e9   Thumb Code    20  stm32f0xx_i2c.o(.text)
    I2C_ClockTimeoutCmd                      0x080050fd   Thumb Code    20  stm32f0xx_i2c.o(.text)
    I2C_ExtendedClockTimeoutCmd              0x08005111   Thumb Code    22  stm32f0xx_i2c.o(.text)
    I2C_IdleClockTimeoutCmd                  0x08005127   Thumb Code    20  stm32f0xx_i2c.o(.text)
    I2C_TimeoutAConfig                       0x0800513b   Thumb Code    16  stm32f0xx_i2c.o(.text)
    I2C_TimeoutBConfig                       0x0800514b   Thumb Code    16  stm32f0xx_i2c.o(.text)
    I2C_CalculatePEC                         0x0800515b   Thumb Code    20  stm32f0xx_i2c.o(.text)
    I2C_PECRequestCmd                        0x0800516f   Thumb Code    20  stm32f0xx_i2c.o(.text)
    I2C_GetPEC                               0x08005183   Thumb Code     6  stm32f0xx_i2c.o(.text)
    I2C_ReadRegister                         0x08005189   Thumb Code    10  stm32f0xx_i2c.o(.text)
    I2C_SendData                             0x08005193   Thumb Code     4  stm32f0xx_i2c.o(.text)
    I2C_ReceiveData                          0x08005197   Thumb Code     6  stm32f0xx_i2c.o(.text)
    I2C_DMACmd                               0x0800519d   Thumb Code    16  stm32f0xx_i2c.o(.text)
    I2C_GetFlagStatus                        0x080051ad   Thumb Code    14  stm32f0xx_i2c.o(.text)
    I2C_ClearFlag                            0x080051bb   Thumb Code     4  stm32f0xx_i2c.o(.text)
    I2C_GetITStatus                          0x080051bf   Thumb Code    14  stm32f0xx_i2c.o(.text)
    I2C_ClearITPendingBit                    0x080051cd   Thumb Code     4  stm32f0xx_i2c.o(.text)
    RCC_DeInit                               0x080051e9   Thumb Code    78  stm32f0xx_rcc.o(.text)
    RCC_HSEConfig                            0x08005237   Thumb Code    10  stm32f0xx_rcc.o(.text)
    RCC_GetFlagStatus                        0x08005241   Thumb Code    48  stm32f0xx_rcc.o(.text)
    RCC_WaitForHSEStartUp                    0x08005271   Thumb Code    44  stm32f0xx_rcc.o(.text)
    RCC_AdjustHSICalibrationValue            0x0800529d   Thumb Code    16  stm32f0xx_rcc.o(.text)
    RCC_HSICmd                               0x080052ad   Thumb Code    22  stm32f0xx_rcc.o(.text)
    RCC_AdjustHSI14CalibrationValue          0x080052c3   Thumb Code    16  stm32f0xx_rcc.o(.text)
    RCC_HSI14Cmd                             0x080052d3   Thumb Code    22  stm32f0xx_rcc.o(.text)
    RCC_HSI14ADCRequestCmd                   0x080052e9   Thumb Code    20  stm32f0xx_rcc.o(.text)
    RCC_LSEConfig                            0x080052fd   Thumb Code    26  stm32f0xx_rcc.o(.text)
    RCC_LSEDriveConfig                       0x08005317   Thumb Code    18  stm32f0xx_rcc.o(.text)
    RCC_LSICmd                               0x08005329   Thumb Code    22  stm32f0xx_rcc.o(.text)
    RCC_PLLConfig                            0x0800533f   Thumb Code    24  stm32f0xx_rcc.o(.text)
    RCC_PLLCmd                               0x08005357   Thumb Code    22  stm32f0xx_rcc.o(.text)
    RCC_PREDIV1Config                        0x0800536d   Thumb Code    14  stm32f0xx_rcc.o(.text)
    RCC_ClockSecuritySystemCmd               0x0800537b   Thumb Code    22  stm32f0xx_rcc.o(.text)
    RCC_MCOConfig                            0x08005391   Thumb Code     6  stm32f0xx_rcc.o(.text)
    RCC_SYSCLKConfig                         0x08005397   Thumb Code    14  stm32f0xx_rcc.o(.text)
    RCC_GetSYSCLKSource                      0x080053a5   Thumb Code    10  stm32f0xx_rcc.o(.text)
    RCC_HCLKConfig                           0x080053af   Thumb Code    14  stm32f0xx_rcc.o(.text)
    RCC_PCLKConfig                           0x080053bd   Thumb Code    16  stm32f0xx_rcc.o(.text)
    RCC_ADCCLKConfig                         0x080053cd   Thumb Code    38  stm32f0xx_rcc.o(.text)
    RCC_CECCLKConfig                         0x080053f3   Thumb Code    18  stm32f0xx_rcc.o(.text)
    RCC_I2CCLKConfig                         0x08005405   Thumb Code    18  stm32f0xx_rcc.o(.text)
    RCC_USARTCLKConfig                       0x08005417   Thumb Code    18  stm32f0xx_rcc.o(.text)
    RCC_GetClocksFreq                        0x08005429   Thumb Code   208  stm32f0xx_rcc.o(.text)
    RCC_RTCCLKConfig                         0x080054f9   Thumb Code    10  stm32f0xx_rcc.o(.text)
    RCC_RTCCLKCmd                            0x08005503   Thumb Code    20  stm32f0xx_rcc.o(.text)
    RCC_BackupResetCmd                       0x08005517   Thumb Code    22  stm32f0xx_rcc.o(.text)
    RCC_AHBPeriphClockCmd                    0x0800552d   Thumb Code    18  stm32f0xx_rcc.o(.text)
    RCC_APB2PeriphClockCmd                   0x0800553f   Thumb Code    18  stm32f0xx_rcc.o(.text)
    RCC_APB1PeriphClockCmd                   0x08005551   Thumb Code    18  stm32f0xx_rcc.o(.text)
    RCC_AHBPeriphResetCmd                    0x08005563   Thumb Code    18  stm32f0xx_rcc.o(.text)
    RCC_APB2PeriphResetCmd                   0x08005575   Thumb Code    18  stm32f0xx_rcc.o(.text)
    RCC_APB1PeriphResetCmd                   0x08005587   Thumb Code    18  stm32f0xx_rcc.o(.text)
    RCC_ITConfig                             0x08005599   Thumb Code    18  stm32f0xx_rcc.o(.text)
    RCC_ClearFlag                            0x080055ab   Thumb Code    14  stm32f0xx_rcc.o(.text)
    RCC_GetITStatus                          0x080055b9   Thumb Code    48  stm32f0xx_rcc.o(.text)
    RCC_ClearITPendingBit                    0x080055e9   Thumb Code     6  stm32f0xx_rcc.o(.text)
    SPI_I2S_DeInit                           0x080055f5   Thumb Code    54  stm32f0xx_spi.o(.text)
    SPI_StructInit                           0x0800562b   Thumb Code    28  stm32f0xx_spi.o(.text)
    SPI_Init                                 0x08005647   Thumb Code    74  stm32f0xx_spi.o(.text)
    I2S_StructInit                           0x08005691   Thumb Code    18  stm32f0xx_spi.o(.text)
    I2S_Init                                 0x080056a3   Thumb Code   154  stm32f0xx_spi.o(.text)
    SPI_Cmd                                  0x0800573d   Thumb Code    18  stm32f0xx_spi.o(.text)
    SPI_TIModeCmd                            0x0800574f   Thumb Code    18  stm32f0xx_spi.o(.text)
    I2S_Cmd                                  0x08005761   Thumb Code    22  stm32f0xx_spi.o(.text)
    SPI_DataSizeConfig                       0x08005777   Thumb Code    12  stm32f0xx_spi.o(.text)
    SPI_RxFIFOThresholdConfig                0x08005783   Thumb Code    16  stm32f0xx_spi.o(.text)
    SPI_BiDirectionalLineConfig              0x08005793   Thumb Code    22  stm32f0xx_spi.o(.text)
    SPI_NSSInternalSoftwareConfig            0x080057a9   Thumb Code    22  stm32f0xx_spi.o(.text)
    SPI_SSOutputCmd                          0x080057bf   Thumb Code    18  stm32f0xx_spi.o(.text)
    SPI_NSSPulseModeCmd                      0x080057d1   Thumb Code    18  stm32f0xx_spi.o(.text)
    SPI_SendData8                            0x080057e3   Thumb Code     4  stm32f0xx_spi.o(.text)
    SPI_I2S_SendData16                       0x080057e7   Thumb Code     4  stm32f0xx_spi.o(.text)
    SPI_ReceiveData8                         0x080057eb   Thumb Code     4  stm32f0xx_spi.o(.text)
    SPI_I2S_ReceiveData16                    0x080057ef   Thumb Code     4  stm32f0xx_spi.o(.text)
    SPI_CRCLengthConfig                      0x080057f3   Thumb Code    16  stm32f0xx_spi.o(.text)
    SPI_CalculateCRC                         0x08005803   Thumb Code    22  stm32f0xx_spi.o(.text)
    SPI_TransmitCRC                          0x08005819   Thumb Code    12  stm32f0xx_spi.o(.text)
    SPI_GetCRC                               0x08005825   Thumb Code    12  stm32f0xx_spi.o(.text)
    SPI_GetCRCPolynomial                     0x08005831   Thumb Code     4  stm32f0xx_spi.o(.text)
    SPI_I2S_DMACmd                           0x08005835   Thumb Code    16  stm32f0xx_spi.o(.text)
    SPI_LastDMATransferCmd                   0x08005845   Thumb Code    16  stm32f0xx_spi.o(.text)
    SPI_I2S_ITConfig                         0x08005855   Thumb Code    24  stm32f0xx_spi.o(.text)
    SPI_GetTransmissionFIFOStatus            0x0800586d   Thumb Code    10  stm32f0xx_spi.o(.text)
    SPI_GetReceptionFIFOStatus               0x08005877   Thumb Code    10  stm32f0xx_spi.o(.text)
    SPI_I2S_GetFlagStatus                    0x08005881   Thumb Code    14  stm32f0xx_spi.o(.text)
    SPI_I2S_ClearFlag                        0x0800588f   Thumb Code     6  stm32f0xx_spi.o(.text)
    SPI_I2S_GetITStatus                      0x08005895   Thumb Code    42  stm32f0xx_spi.o(.text)
    BtnCreate                                0x080058e9   Thumb Code   114  button.o(.text)
    BtnSetText                               0x0800595b   Thumb Code    32  button.o(.text)
    BtnMsgDefault                            0x0800597b   Thumb Code    28  button.o(.text)
    BtnTranslateMsg                          0x08005997   Thumb Code     8  button.o(.text)
    BtnDraw                                  0x0800599f   Thumb Code   476  button.o(.text)
    EbSetText                                0x08005bc1   Thumb Code    40  editbox.o(.text)
    EbCreate                                 0x08005be9   Thumb Code   114  editbox.o(.text)
    EbAddChar                                0x08005c5b   Thumb Code    28  editbox.o(.text)
    EbDeleteChar                             0x08005c77   Thumb Code    20  editbox.o(.text)
    EbTranslateMsg                           0x08005c8b   Thumb Code     8  editbox.o(.text)
    EbMsgDefault                             0x08005c93   Thumb Code    40  editbox.o(.text)
    EbDraw                                   0x08005cbb   Thumb Code   400  editbox.o(.text)
    GOLCreateScheme                          0x08005e9d   Thumb Code    56  gol.o(.text)
    GOLInit                                  0x08005ed5   Thumb Code    16  gol.o(.text)
    GOLFree                                  0x08005ee5   Thumb Code    54  gol.o(.text)
    GOLDeleteObject                          0x08005f1b   Thumb Code    84  gol.o(.text)
    GOLFindObject                            0x08005f6f   Thumb Code    22  gol.o(.text)
    GOLDeleteObjectByID                      0x08005f85   Thumb Code    16  gol.o(.text)
    GOLAddObject                             0x08005f95   Thumb Code    28  gol.o(.text)
    GOLDraw                                  0x08005fb1   Thumb Code   142  gol.o(.text)
    GOLRedrawRec                             0x0800603f   Thumb Code    76  gol.o(.text)
    GOLMsg                                   0x0800608b   Thumb Code   262  gol.o(.text)
    GOLPanelDrawTsk                          0x08006191   Thumb Code   626  gol.o(.text)
    GridCreate                               0x08006405   Thumb Code   128  grid.o(.text)
    GridClearCellState                       0x08006485   Thumb Code    36  grid.o(.text)
    GridDraw                                 0x080064a9   Thumb Code   676  grid.o(.text)
    GridFreeItems                            0x0800674d   Thumb Code    22  grid.o(.text)
    GridSetCell                              0x08006763   Thumb Code    54  grid.o(.text)
    GridSetFocus                             0x08006799   Thumb Code    22  grid.o(.text)
    GridSetCellState                         0x080067af   Thumb Code    36  grid.o(.text)
    GridGetCell                              0x080067d3   Thumb Code    56  grid.o(.text)
    GridMsgDefault                           0x0800680b   Thumb Code   252  grid.o(.text)
    GridTranslateMsg                         0x08006907   Thumb Code     8  grid.o(.text)
    LbAddItem                                0x08006911   Thumb Code    78  listbox.o(.text)
    LbCreate                                 0x0800695f   Thumb Code   152  listbox.o(.text)
    LbDelItem                                0x080069f7   Thumb Code    58  listbox.o(.text)
    LbDelItemsList                           0x08006a31   Thumb Code    26  listbox.o(.text)
    LbGetSel                                 0x08006a4b   Thumb Code    24  listbox.o(.text)
    LbChangeSel                              0x08006a63   Thumb Code    48  listbox.o(.text)
    LbSetFocusedItem                         0x08006a93   Thumb Code    50  listbox.o(.text)
    LbGetFocusedItem                         0x08006ac5   Thumb Code    38  listbox.o(.text)
    LbTranslateMsg                           0x08006aeb   Thumb Code     8  listbox.o(.text)
    LbMsgDefault                             0x08006af3   Thumb Code     2  listbox.o(.text)
    LbDraw                                   0x08006af5   Thumb Code   838  listbox.o(.text)
    PictCreate                               0x08006e41   Thumb Code    82  picture.o(.text)
    PictTranslateMsg                         0x08006e93   Thumb Code     8  picture.o(.text)
    PictDraw                                 0x08006e9b   Thumb Code   362  picture.o(.text)
    InitGraph                                0x08007015   Thumb Code    38  primitive.o(.text)
    Bar                                      0x0800703b   Thumb Code    44  primitive.o(.text)
    Arc                                      0x08007067   Thumb Code   962  primitive.o(.text)
    Line                                     0x08007429   Thumb Code   486  primitive.o(.text)
    Bevel                                    0x0800760f   Thumb Code   334  primitive.o(.text)
    FillBevel                                0x0800775d   Thumb Code   350  primitive.o(.text)
    DrawPoly                                 0x080078bb   Thumb Code    58  primitive.o(.text)
    SetFont                                  0x080078f5   Thumb Code    26  primitive.o(.text)
    OutChar                                  0x0800790f   Thumb Code   248  primitive.o(.text)
    OutText                                  0x08007a07   Thumb Code    34  primitive.o(.text)
    OutTextXY                                0x08007a29   Thumb Code    34  primitive.o(.text)
    GetTextWidth                             0x08007a4b   Thumb Code    56  primitive.o(.text)
    GetTextHeight                            0x08007a83   Thumb Code    16  primitive.o(.text)
    GetImageWidth                            0x08007a93   Thumb Code    18  primitive.o(.text)
    GetImageHeight                           0x08007aa5   Thumb Code    18  primitive.o(.text)
    PbShortToString                          0x08007abd   Thumb Code    74  progressbar.o(.text)
    PbCreate                                 0x08007b07   Thumb Code    84  progressbar.o(.text)
    PbSetPos                                 0x08007b5b   Thumb Code    12  progressbar.o(.text)
    PbTranslateMsg                           0x08007b67   Thumb Code     8  progressbar.o(.text)
    PbDraw                                   0x08007b6f   Thumb Code   494  progressbar.o(.text)
    DelayMs                                  0x08007d99   Thumb Code    24  ssd1303.o(.text)
    ResetDevice                              0x08007db1   Thumb Code     4  ssd1303.o(.text)
    ScreenSaver                              0x08007db5   Thumb Code     2  ssd1303.o(.text)
    PutPixel                                 0x08007db7   Thumb Code    40  ssd1303.o(.text)
    GetPixel                                 0x08007ddf   Thumb Code    12  ssd1303.o(.text)
    ClearDevice                              0x08007deb   Thumb Code    12  ssd1303.o(.text)
    PutImage1BPP                             0x08007df7   Thumb Code   146  ssd1303.o(.text)
    PutImage                                 0x08007e89   Thumb Code    22  ssd1303.o(.text)
    GOLDrawCallback                          0x08007e9f   Thumb Code     4  ssd1303.o(.text)
    GOLMsgCallback                           0x08007ea3   Thumb Code     4  ssd1303.o(.text)
    RdiaDraw                                 0x08007ea7   Thumb Code     4  ssd1303.o(.text)
    RdiaMsgDefault                           0x08007eab   Thumb Code     2  ssd1303.o(.text)
    RdiaTranslateMsg                         0x08007ead   Thumb Code     4  ssd1303.o(.text)
    ExternalMemoryCallback                   0x08007eb1   Thumb Code     4  ssd1303.o(.text)
    StCreate                                 0x08007ebd   Thumb Code    94  statictext.o(.text)
    StSetText                                0x08007f1b   Thumb Code    18  statictext.o(.text)
    StTranslateMsg                           0x08007f2d   Thumb Code     8  statictext.o(.text)
    StDraw                                   0x08007f35   Thumb Code   358  statictext.o(.text)
    malloc                                   0x080080c5   Thumb Code    98  h1_alloc.o(.text)
    free                                     0x08008127   Thumb Code    76  h1_free.o(.text)
    __2printf                                0x08008175   Thumb Code    22  noretval__2printf.o(.text)
    _printf_pre_padding                      0x08008191   Thumb Code    44  _printf_pad.o(.text)
    _printf_post_padding                     0x080081bd   Thumb Code    34  _printf_pad.o(.text)
    _printf_str                              0x080081df   Thumb Code    82  _printf_str.o(.text)
    _printf_int_dec                          0x08008231   Thumb Code    90  _printf_dec.o(.text)
    _printf_int_hex                          0x0800829d   Thumb Code    84  _printf_hex_int.o(.text)
    _printf_longlong_hex                     0x0800829d   Thumb Code     0  _printf_hex_int.o(.text)
    __printf                                 0x080082f5   Thumb Code   306  __printf_flags_wp.o(.text)
    abort                                    0x0800842d   Thumb Code    16  abort.o(.text)
    strcpy                                   0x0800843d   Thumb Code    70  strcpy.o(.text)
    __aeabi_memcpy                           0x08008489   Thumb Code   130  rt_memcpy.o(.text)
    __rt_memcpy                              0x08008489   Thumb Code     0  rt_memcpy.o(.text)
    _memset_w                                0x0800850b   Thumb Code    26  rt_memclr.o(.text)
    _memset                                  0x08008525   Thumb Code    30  rt_memclr.o(.text)
    __aeabi_memclr                           0x08008543   Thumb Code     4  rt_memclr.o(.text)
    __rt_memclr                              0x08008543   Thumb Code     0  rt_memclr.o(.text)
    __aeabi_memclr4                          0x08008547   Thumb Code     0  rt_memclr.o(.text)
    __aeabi_memclr8                          0x08008547   Thumb Code     0  rt_memclr.o(.text)
    __rt_memclr_w                            0x08008547   Thumb Code     4  rt_memclr.o(.text)
    strcmp                                   0x0800854d   Thumb Code   132  strcmp.o(.text)
    __aeabi_uidiv                            0x080085d5   Thumb Code     0  aeabi_sdiv.o(.text)
    __aeabi_uidivmod                         0x080085d5   Thumb Code    20  aeabi_sdiv.o(.text)
    __aeabi_idiv                             0x080085e9   Thumb Code     0  aeabi_sdiv.o(.text)
    __aeabi_idivmod                          0x080085e9   Thumb Code   326  aeabi_sdiv.o(.text)
    __use_two_region_memory                  0x0800872f   Thumb Code     2  heapauxi.o(.text)
    __rt_heap_escrow                         0x08008731   Thumb Code     2  heapauxi.o(.text)
    __rt_heap_expand                         0x08008733   Thumb Code     2  heapauxi.o(.text)
    __aeabi_fdiv                             0x08008735   Thumb Code     0  fdiv.o(.text)
    _fdiv                                    0x08008735   Thumb Code   336  fdiv.o(.text)
    _frdiv                                   0x08008885   Thumb Code     8  fdiv.o(.text)
    __aeabi_f2uiz                            0x08008895   Thumb Code     0  ffixui.o(.text)
    _ffixu                                   0x08008895   Thumb Code    48  ffixui.o(.text)
    __aeabi_i2f_normalise                    0x080088c5   Thumb Code    72  fflti.o(.text)
    __aeabi_i2f                              0x0800890d   Thumb Code    16  fflti.o(.text)
    _fflt                                    0x0800890d   Thumb Code     0  fflti.o(.text)
    __aeabi_ui2f                             0x0800891d   Thumb Code     6  fflti.o(.text)
    _ffltu                                   0x0800891d   Thumb Code     0  fflti.o(.text)
    __ARM_scalbnf                            0x08008925   Thumb Code    64  fscalbn.o(.text)
    _sys_exit                                0x08008969   Thumb Code     8  sys_exit.o(.text)
    __rt_heap_descriptor                     0x08008975   Thumb Code     8  rt_heap_descriptor_intlibspace.o(.text)
    __use_no_heap                            0x0800897d   Thumb Code     2  hguard.o(.text)
    __heap$guard                             0x0800897f   Thumb Code     2  hguard.o(.text)
    _terminate_user_alloc                    0x08008981   Thumb Code     2  init_alloc.o(.text)
    _init_user_alloc                         0x08008983   Thumb Code     2  init_alloc.o(.text)
    __Heap_Full                              0x08008985   Thumb Code    32  init_alloc.o(.text)
    __Heap_Broken                            0x080089a5   Thumb Code    10  init_alloc.o(.text)
    _init_alloc                              0x080089af   Thumb Code    90  init_alloc.o(.text)
    __Heap_Initialize                        0x08008a09   Thumb Code    10  h1_init.o(.text)
    __Heap_DescSize                          0x08008a13   Thumb Code     4  h1_init.o(.text)
    _printf_int_common                       0x08008a17   Thumb Code   176  _printf_intcommon.o(.text)
    _printf_cs_common                        0x08008ac7   Thumb Code    22  _printf_char.o(.text)
    _printf_char                             0x08008add   Thumb Code    16  _printf_char.o(.text)
    _printf_string                           0x08008aed   Thumb Code     8  _printf_char.o(.text)
    _printf_char_file                        0x08008af5   Thumb Code    34  _printf_char_file.o(.text)
    __rt_SIGABRT                             0x08008b1d   Thumb Code    12  defsig_abrt_outer.o(.text)
    __rt_udiv10                              0x08008b29   Thumb Code    40  rtudiv10.o(.text)
    __user_libspace                          0x08008b51   Thumb Code     8  libspace.o(.text)
    __user_perproc_libspace                  0x08008b51   Thumb Code     0  libspace.o(.text)
    __user_perthread_libspace                0x08008b51   Thumb Code     0  libspace.o(.text)
    __I$use$semihosting                      0x08008b59   Thumb Code     0  use_no_semi.o(.text)
    __use_no_semihosting_swi                 0x08008b59   Thumb Code     2  use_no_semi.o(.text)
    __Heap_ProvideMemory                     0x08008b5b   Thumb Code    52  h1_extend.o(.text)
    __semihosting_library_function           0x08008b5b   Thumb Code     0  indicate_semi.o(.text)
    _printf_char_common                      0x08008b9b   Thumb Code    32  _printf_char_common.o(.text)
    ferror                                   0x08008bc1   Thumb Code     8  ferror.o(.text)
    __sig_exit                               0x08008bc9   Thumb Code    12  defsig_exit.o(.text)
    __rt_SIGABRT_inner                       0x08008bd5   Thumb Code    14  defsig_abrt_inner.o(.text)
    __rt_SIGRTMEM                            0x08008c05   Thumb Code    12  defsig_rtmem_outer.o(.text)
    __user_setup_stackheap                   0x08008c11   Thumb Code    62  sys_stackheap_outer.o(.text)
    exit                                     0x08008c4f   Thumb Code    12  exit.o(.text)
    __default_signal_display                 0x08008c5b   Thumb Code    52  defsig_general.o(.text)
    __rt_SIGRTMEM_inner                      0x08008c91   Thumb Code    22  defsig_rtmem_inner.o(.text)
    _ttywrch                                 0x08008ce1   Thumb Code    12  sys_wrch.o(.text)
    __decompress                             0x08008ced   Thumb Code     0  __dczerorl.o(.text)
    __decompress0                            0x08008ced   Thumb Code    58  __dczerorl.o(.text)
    __ARM_common_switch8                     0x08008d27   Thumb Code    26  lcd.o(i.__ARM_common_switch8)
    _is_digit                                0x08008d41   Thumb Code    14  __printf_wp.o(i._is_digit)
    __aeabi_fadd                             0x08008d51   Thumb Code     0  faddsub.o(x$fpl$fadd)
    _fadd                                    0x08008d51   Thumb Code   134  faddsub.o(x$fpl$fadd)
    __aeabi_frsub                            0x08008ddd   Thumb Code     0  faddsub.o(x$fpl$frsb)
    _frsb                                    0x08008ddd   Thumb Code    24  faddsub.o(x$fpl$frsb)
    __aeabi_fsub                             0x08008df5   Thumb Code     0  faddsub.o(x$fpl$fsub)
    _fsub                                    0x08008df5   Thumb Code   204  faddsub.o(x$fpl$fsub)
    __I$use$fp                               0x08008ec4   Number         0  usenofp.o(x$fpl$usenofp)
    clock_list                               0x08008ec4   Data         512  clock_arch.o(.constdata)
    My_Task                                  0x080091c4   Data          16  system_task.o(.constdata)
    My_Task_Init                             0x080091d4   Data          16  system_task.o(.constdata)
    corp_logo                                0x08009230   Data           4  os.o(.constdata)
    GOLFontDefault                           0x0800a2f8   Data           8  golfontdefault.o(.constdata)
    L1191258975                              0x0800a300   Data        5504  golfontdefault.o(.constdata)
    Region$$Table$$Base                      0x0800bcc8   Number         0  anon$$obj.o(Region$$Table)
    Region$$Table$$Limit                     0x0800bce8   Number         0  anon$$obj.o(Region$$Table)
    qShellFunTab$$Base                       0x0800bce8   Number         0  cmd.o(qShellFunTab)
    qsh_fun_Add_record                       0x0800bce8   Data          16  cmd.o(qShellFunTab)
    qsh_fun_PutString_record                 0x0800bcf8   Data          16  cmd.o(qShellFunTab)
    qsh_fun_list_timer_record                0x0800bd08   Data          16  cmd.o(qShellFunTab)
    qsh_fun_list_device_record               0x0800bd18   Data          16  cmd.o(qShellFunTab)
    qsh_fun_relay_control_record             0x0800bd28   Data          16  cmd.o(qShellFunTab)
    qsh_fun_list_mem_record                  0x0800bd38   Data          16  cmd.o(qShellFunTab)
    qsh_fun_mem_read_record                  0x0800bd48   Data          16  cmd.o(qShellFunTab)
    qsh_fun_flash_read_record                0x0800bd58   Data          16  cmd.o(qShellFunTab)
    qsh_fun_flash_cp_record                  0x0800bd68   Data          16  cmd.o(qShellFunTab)
    qShellFunTab$$Limit                      0x0800bd78   Number         0  cmd.o(qShellFunTab)
    qShellVarTab$$Base                       0x0800bd78   Number         0  cmd.o(qShellVarTab)
    qsh_var_crc16_on_off_record              0x0800bd78   Data          16  cmd.o(qShellVarTab)
    qsh_var_Var2_record                      0x0800bd88   Data          16  cmd.o(qShellVarTab)
    qsh_var_Var3_record                      0x0800bd98   Data          16  cmd.o(qShellVarTab)
    qShellVarTab$$Limit                      0x0800bda8   Number         0  cmd.o(qShellVarTab)
    SystemCoreClock                          0x20000000   Data           4  system_stm32f0xx.o(.data)
    AHBPrescTable                            0x20000004   Data          16  system_stm32f0xx.o(.data)
    mallco_dev                               0x20000018   Data        1168  mem.o(.data)
    Current_Task                             0x200004a9   Data           1  system_task.o(.data)
    T_NUM                                    0x200004aa   Data           2  system_task.o(.data)
    tick_tok                                 0x200004b8   Data           4  os.o(.data)
    __stdout                                 0x200004c8   Data           8  usart1.o(.data)
    DataVar                                  0x20000504   Data           2  eeprom.o(.data)
    VirtAddVarTab                            0x2000050c   Data           6  eeprom.o(.data)
    crc16_on_off                             0x20000520   Data           1  cmd.o(.data)
    Var2                                     0x20000522   Data           2  cmd.o(.data)
    Var3                                     0x20000524   Data           4  cmd.o(.data)
    _rpnlX1                                  0x20000548   Data           2  gol.o(.data)
    _rpnlY1                                  0x2000054a   Data           2  gol.o(.data)
    _rpnlX2                                  0x2000054c   Data           2  gol.o(.data)
    _rpnlY2                                  0x2000054e   Data           2  gol.o(.data)
    _rpnlR                                   0x20000550   Data           2  gol.o(.data)
    _rpnlFaceColor                           0x20000552   Data           2  gol.o(.data)
    _rpnlEmbossLtColor                       0x20000554   Data           2  gol.o(.data)
    _rpnlEmbossDkColor                       0x20000556   Data           2  gol.o(.data)
    _rpnlEmbossSize                          0x20000558   Data           2  gol.o(.data)
    _pGolObjects                             0x2000055c   Data           4  gol.o(.data)
    _pDefaultGolScheme                       0x20000560   Data           4  gol.o(.data)
    _pObjectFocused                          0x20000564   Data           4  gol.o(.data)
    _pRpnlBitmap                             0x20000568   Data           4  gol.o(.data)
    _lineThickness                           0x20000586   Data           1  primitive.o(.data)
    _fontOrientation                         0x20000587   Data           1  primitive.o(.data)
    _lineType                                0x200005b2   Data           2  primitive.o(.data)
    _cursorX                                 0x200005b4   Data           2  primitive.o(.data)
    _cursorY                                 0x200005b6   Data           2  primitive.o(.data)
    _fontFirstChar                           0x200005b8   Data           2  primitive.o(.data)
    _fontLastChar                            0x200005ba   Data           2  primitive.o(.data)
    _fontHeight                              0x200005bc   Data           2  primitive.o(.data)
    _font                                    0x200005c4   Data           4  primitive.o(.data)
    _color                                   0x200005d5   Data           1  ssd1303.o(.data)
    _clipRgn                                 0x200005d6   Data           2  ssd1303.o(.data)
    _clipLeft                                0x200005d8   Data           2  ssd1303.o(.data)
    _clipTop                                 0x200005da   Data           2  ssd1303.o(.data)
    _clipRight                               0x200005dc   Data           2  ssd1303.o(.data)
    _clipBottom                              0x200005de   Data           2  ssd1303.o(.data)
    clock_status                             0x200005ec   Data          17  clock_arch.o(.bss)
    altScheme                                0x20000600   Data          24  gui_task.o(.bss)
    __libspace_start                         0x20000b04   Data          96  libspace.o(.bss)
    __temporary_stack_top$libspace           0x20000b64   Data           0  libspace.o(.bss)



==============================================================================

Memory Map of the image

  Image Entry point : 0x080001c5

  Load Region LR_1 (Base: 0x08000000, Size: 0x0000c394, Max: 0xffffffff, ABSOLUTE, COMPRESSED[0x0000bde8])

    Execution Region ER_RO (Base: 0x08000000, Size: 0x0000bda8, Max: 0xffffffff, ABSOLUTE)

    Base Addr    Size         Type   Attr      Idx    E Section Name        Object

    0x08000000   0x000000c0   Data   RO            3    RESET               startup_stm32f0xx.o
    0x080000c0   0x00000008   Code   RO         1983  * !!!main             c_p.l(__main.o)
    0x080000c8   0x0000003c   Code   RO         2232    !!!scatter          c_p.l(__scatter.o)
    0x08000104   0x0000001c   Code   RO         2234    !!handler_zi        c_p.l(__scatter_zi.o)
    0x08000120   0x00000002   Code   RO         1964    .ARM.Collect$$_printf_percent$$00000000  c_p.l(_printf_percent.o)
    0x08000122   0x0000000a   Code   RO         1962    .ARM.Collect$$_printf_percent$$00000009  c_p.l(_printf_d.o)
    0x0800012c   0x0000000a   Code   RO         1963    .ARM.Collect$$_printf_percent$$0000000A  c_p.l(_printf_u.o)
    0x08000136   0x0000000a   Code   RO         1961    .ARM.Collect$$_printf_percent$$0000000C  c_p.l(_printf_x.o)
    0x08000140   0x0000000a   Code   RO         1959    .ARM.Collect$$_printf_percent$$00000013  c_p.l(_printf_c.o)
    0x0800014a   0x0000000a   Code   RO         1960    .ARM.Collect$$_printf_percent$$00000014  c_p.l(_printf_s.o)
    0x08000154   0x00000004   Code   RO         2040    .ARM.Collect$$_printf_percent$$00000017  c_p.l(_printf_percent_end.o)
    0x08000158   0x00000002   Code   RO         2177    .ARM.Collect$$libinit$$00000000  c_p.l(libinit.o)
    0x0800015a   0x00000004   Code   RO         2049    .ARM.Collect$$libinit$$00000001  c_p.l(libinit2.o)
    0x0800015e   0x00000008   Code   RO         2051    .ARM.Collect$$libinit$$00000003  c_p.l(libinit2.o)
    0x08000166   0x00000000   Code   RO         2053    .ARM.Collect$$libinit$$00000008  c_p.l(libinit2.o)
    0x08000166   0x00000000   Code   RO         2055    .ARM.Collect$$libinit$$0000000A  c_p.l(libinit2.o)
    0x08000166   0x00000000   Code   RO         2057    .ARM.Collect$$libinit$$0000000C  c_p.l(libinit2.o)
    0x08000166   0x00000000   Code   RO         2060    .ARM.Collect$$libinit$$0000000F  c_p.l(libinit2.o)
    0x08000166   0x00000000   Code   RO         2062    .ARM.Collect$$libinit$$00000011  c_p.l(libinit2.o)
    0x08000166   0x00000000   Code   RO         2064    .ARM.Collect$$libinit$$00000013  c_p.l(libinit2.o)
    0x08000166   0x00000000   Code   RO         2066    .ARM.Collect$$libinit$$00000015  c_p.l(libinit2.o)
    0x08000166   0x00000000   Code   RO         2068    .ARM.Collect$$libinit$$00000017  c_p.l(libinit2.o)
    0x08000166   0x00000000   Code   RO         2070    .ARM.Collect$$libinit$$00000019  c_p.l(libinit2.o)
    0x08000166   0x00000000   Code   RO         2072    .ARM.Collect$$libinit$$0000001B  c_p.l(libinit2.o)
    0x08000166   0x00000000   Code   RO         2074    .ARM.Collect$$libinit$$0000001D  c_p.l(libinit2.o)
    0x08000166   0x00000000   Code   RO         2076    .ARM.Collect$$libinit$$0000001F  c_p.l(libinit2.o)
    0x08000166   0x00000000   Code   RO         2078    .ARM.Collect$$libinit$$00000021  c_p.l(libinit2.o)
    0x08000166   0x00000000   Code   RO         2080    .ARM.Collect$$libinit$$00000023  c_p.l(libinit2.o)
    0x08000166   0x00000000   Code   RO         2084    .ARM.Collect$$libinit$$0000002A  c_p.l(libinit2.o)
    0x08000166   0x00000000   Code   RO         2086    .ARM.Collect$$libinit$$0000002C  c_p.l(libinit2.o)
    0x08000166   0x00000000   Code   RO         2088    .ARM.Collect$$libinit$$0000002E  c_p.l(libinit2.o)
    0x08000166   0x00000000   Code   RO         2090    .ARM.Collect$$libinit$$00000030  c_p.l(libinit2.o)
    0x08000166   0x00000002   Code   RO         2091    .ARM.Collect$$libinit$$00000031  c_p.l(libinit2.o)
    0x08000168   0x00000002   Code   RO         2227    .ARM.Collect$$libshutdown$$00000000  c_p.l(libshutdown.o)
    0x0800016a   0x00000000   Code   RO         2193    .ARM.Collect$$libshutdown$$00000003  c_p.l(libshutdown2.o)
    0x0800016a   0x00000000   Code   RO         2196    .ARM.Collect$$libshutdown$$00000006  c_p.l(libshutdown2.o)
    0x0800016a   0x00000000   Code   RO         2199    .ARM.Collect$$libshutdown$$00000009  c_p.l(libshutdown2.o)
    0x0800016a   0x00000000   Code   RO         2201    .ARM.Collect$$libshutdown$$0000000B  c_p.l(libshutdown2.o)
    0x0800016a   0x00000000   Code   RO         2204    .ARM.Collect$$libshutdown$$0000000E  c_p.l(libshutdown2.o)
    0x0800016a   0x00000002   Code   RO         2205    .ARM.Collect$$libshutdown$$0000000F  c_p.l(libshutdown2.o)
    0x0800016c   0x00000000   Code   RO         2004    .ARM.Collect$$rtentry$$00000000  c_p.l(rtentry.o)
    0x0800016c   0x00000000   Code   RO         2102    .ARM.Collect$$rtentry$$00000002  c_p.l(rtentry2.o)
    0x0800016c   0x00000006   Code   RO         2114    .ARM.Collect$$rtentry$$00000004  c_p.l(rtentry4.o)
    0x08000172   0x00000000   Code   RO         2104    .ARM.Collect$$rtentry$$00000009  c_p.l(rtentry2.o)
    0x08000172   0x00000004   Code   RO         2105    .ARM.Collect$$rtentry$$0000000A  c_p.l(rtentry2.o)
    0x08000176   0x00000000   Code   RO         2107    .ARM.Collect$$rtentry$$0000000C  c_p.l(rtentry2.o)
    0x08000176   0x00000008   Code   RO         2108    .ARM.Collect$$rtentry$$0000000D  c_p.l(rtentry2.o)
    0x0800017e   0x00000002   Code   RO         2181    .ARM.Collect$$rtexit$$00000000  c_p.l(rtexit.o)
    0x08000180   0x00000000   Code   RO         2207    .ARM.Collect$$rtexit$$00000002  c_p.l(rtexit2.o)
    0x08000180   0x00000004   Code   RO         2208    .ARM.Collect$$rtexit$$00000003  c_p.l(rtexit2.o)
    0x08000184   0x00000006   Code   RO         2209    .ARM.Collect$$rtexit$$00000004  c_p.l(rtexit2.o)
    0x0800018a   0x00000002   PAD
    0x0800018c   0x00000038   Code   RO         1969    .emb_text           c_p.l(rt_memcpy.o)
    0x080001c4   0x00000000   Code   RO         2122    .emb_text           c_p.l(maybetermalloc1.o)
    0x080001c4   0x00000038   Code   RO            4  * .text               startup_stm32f0xx.o
    0x080001fc   0x0000000a   Code   RO           12    .text               start_up.o
    0x08000206   0x00000002   PAD
    0x08000208   0x0000015c   Code   RO          145    .text               system_stm32f0xx.o
    0x08000364   0x000001e8   Code   RO          171    .text               clock_arch.o
    0x0800054c   0x000002ec   Code   RO          235    .text               mem.o
    0x08000838   0x00000084   Code   RO          263    .text               systick.o
    0x080008bc   0x00000120   Code   RO          288    .text               gpio_mgr.o
    0x080009dc   0x00000028   Code   RO          316    .text               system_task.o
    0x08000a04   0x00000214   Code   RO          402    .text               manufacture_task.o
    0x08000c18   0x00000230   Code   RO          425    .text               user_task.o
    0x08000e48   0x0000021c   Code   RO          449    .text               gui_task.o
    0x08001064   0x000002c4   Code   RO          472    .text               clockmanager.o
    0x08001328   0x000001d4   Code   RO          498    .text               device.o
    0x080014fc   0x00000110   Code   RO          522    .text               message.o
    0x0800160c   0x0000006e   Code   RO          544    .text               obj.o
    0x0800167a   0x00000002   PAD
    0x0800167c   0x0000019c   Code   RO          564    .text               os.o
    0x08001818   0x00000254   Code   RO          593    .text               hal_timer.o
    0x08001a6c   0x000001d0   Code   RO          632    .text               usart1.o
    0x08001c3c   0x00000268   Code   RO          663    .text               usart2.o
    0x08001ea4   0x0000006c   Code   RO          708    .text               led.o
    0x08001f10   0x00000134   Code   RO          731    .text               relay.o
    0x08002044   0x00000160   Code   RO          753    .text               spi2.o
    0x080021a4   0x00000568   Code   RO          835    .text               lcd.o
    0x0800270c   0x000003e0   Code   RO          867    .text               me2_ch2o.o
    0x08002aec   0x00000490   Code   RO          891    .text               htu20d.o
    0x08002f7c   0x000003e4   Code   RO          913    .text               eeprom.o
    0x08003360   0x00000118   Code   RO          937    .text               spi1.o
    0x08003478   0x000006f8   Code   RO          959    .text               w25qxx.o
    0x08003b70   0x00000068   Code   RO          986    .text               cmd.o
    0x08003bd8   0x000009e0   Code   RO         1082    .text               q_shell.o
    0x080045b8   0x00000224   Code   RO         1131    .text               stm32f0xx_adc.o
    0x080047dc   0x00000124   Code   RO         1231    .text               stm32f0xx_dma.o
    0x08004900   0x0000044c   Code   RO         1271    .text               stm32f0xx_flash.o
    0x08004d4c   0x0000015c   Code   RO         1292    .text               stm32f0xx_gpio.o
    0x08004ea8   0x00000340   Code   RO         1312    .text               stm32f0xx_i2c.o
    0x080051e8   0x0000040c   Code   RO         1392    .text               stm32f0xx_rcc.o
    0x080055f4   0x000002f4   Code   RO         1435    .text               stm32f0xx_spi.o
    0x080058e8   0x000002d8   Code   RO         1534    .text               button.o
    0x08005bc0   0x000002dc   Code   RO         1556    .text               editbox.o
    0x08005e9c   0x00000566   Code   RO         1570    .text               gol.o
    0x08006402   0x00000002   PAD
    0x08006404   0x0000050a   Code   RO         1622    .text               grid.o
    0x0800690e   0x00000002   PAD
    0x08006910   0x00000530   Code   RO         1646    .text               listbox.o
    0x08006e40   0x000001d4   Code   RO         1673    .text               picture.o
    0x08007014   0x00000aa8   Code   RO         1686    .text               primitive.o
    0x08007abc   0x000002dc   Code   RO         1733    .text               progressbar.o
    0x08007d98   0x00000124   Code   RO         1758    .text               ssd1303.o
    0x08007ebc   0x00000208   Code   RO         1820    .text               statictext.o
    0x080080c4   0x00000062   Code   RO         1848    .text               c_p.l(h1_alloc.o)
    0x08008126   0x0000004c   Code   RO         1850    .text               c_p.l(h1_free.o)
    0x08008172   0x00000002   PAD
    0x08008174   0x0000001c   Code   RO         1908    .text               c_p.l(noretval__2printf.o)
    0x08008190   0x0000004e   Code   RO         1912    .text               c_p.l(_printf_pad.o)
    0x080081de   0x00000052   Code   RO         1914    .text               c_p.l(_printf_str.o)
    0x08008230   0x0000006c   Code   RO         1916    .text               c_p.l(_printf_dec.o)
    0x0800829c   0x00000058   Code   RO         1921    .text               c_p.l(_printf_hex_int.o)
    0x080082f4   0x00000138   Code   RO         1951    .text               c_p.l(__printf_flags_wp.o)
    0x0800842c   0x00000010   Code   RO         1965    .text               c_p.l(abort.o)
    0x0800843c   0x0000004c   Code   RO         1967    .text               c_p.l(strcpy.o)
    0x08008488   0x00000082   Code   RO         1970    .text               c_p.l(rt_memcpy.o)
    0x0800850a   0x00000040   Code   RO         1973    .text               c_p.l(rt_memclr.o)
    0x0800854a   0x00000002   PAD
    0x0800854c   0x00000088   Code   RO         1975    .text               c_p.l(strcmp.o)
    0x080085d4   0x0000015a   Code   RO         1977    .text               c_p.l(aeabi_sdiv.o)
    0x0800872e   0x00000006   Code   RO         1981    .text               c_p.l(heapauxi.o)
    0x08008734   0x00000160   Code   RO         1991    .text               fz_ps.l(fdiv.o)
    0x08008894   0x00000030   Code   RO         1994    .text               fz_ps.l(ffixui.o)
    0x080088c4   0x0000005e   Code   RO         1996    .text               fz_ps.l(fflti.o)
    0x08008922   0x00000002   PAD
    0x08008924   0x00000044   Code   RO         1998    .text               fz_ps.l(fscalbn.o)
    0x08008968   0x0000000c   Code   RO         2000    .text               c_p.l(sys_exit.o)
    0x08008974   0x00000008   Code   RO         2012    .text               c_p.l(rt_heap_descriptor_intlibspace.o)
    0x0800897c   0x00000004   Code   RO         2014    .text               c_p.l(hguard.o)
    0x08008980   0x00000088   Code   RO         2016    .text               c_p.l(init_alloc.o)
    0x08008a08   0x0000000e   Code   RO         2020    .text               c_p.l(h1_init.o)
    0x08008a16   0x000000b0   Code   RO         2034    .text               c_p.l(_printf_intcommon.o)
    0x08008ac6   0x0000002e   Code   RO         2036    .text               c_p.l(_printf_char.o)
    0x08008af4   0x00000028   Code   RO         2038    .text               c_p.l(_printf_char_file.o)
    0x08008b1c   0x0000000c   Code   RO         2041    .text               c_p.l(defsig_abrt_outer.o)
    0x08008b28   0x00000028   Code   RO         2045    .text               c_p.l(rtudiv10.o)
    0x08008b50   0x00000008   Code   RO         2095    .text               c_p.l(libspace.o)
    0x08008b58   0x00000002   Code   RO         2098    .text               c_p.l(use_no_semi.o)
    0x08008b5a   0x00000000   Code   RO         2100    .text               c_p.l(indicate_semi.o)
    0x08008b5a   0x00000034   Code   RO         2124    .text               c_p.l(h1_extend.o)
    0x08008b8e   0x00000002   PAD
    0x08008b90   0x00000030   Code   RO         2128    .text               c_p.l(_printf_char_common.o)
    0x08008bc0   0x00000008   Code   RO         2130    .text               c_p.l(ferror.o)
    0x08008bc8   0x0000000c   Code   RO         2134    .text               c_p.l(defsig_exit.o)
    0x08008bd4   0x00000030   Code   RO         2136    .text               c_p.l(defsig_abrt_inner.o)
    0x08008c04   0x0000000c   Code   RO         2138    .text               c_p.l(defsig_rtmem_outer.o)
    0x08008c10   0x0000003e   Code   RO         2149    .text               c_p.l(sys_stackheap_outer.o)
    0x08008c4e   0x0000000c   Code   RO         2156    .text               c_p.l(exit.o)
    0x08008c5a   0x00000034   Code   RO         2160    .text               c_p.l(defsig_general.o)
    0x08008c8e   0x00000002   PAD
    0x08008c90   0x00000050   Code   RO         2166    .text               c_p.l(defsig_rtmem_inner.o)
    0x08008ce0   0x0000000c   Code   RO         2178    .text               c_p.l(sys_wrch.o)
    0x08008cec   0x0000003a   Code   RO         2230    .text               c_p.l(__dczerorl.o)
    0x08008d26   0x0000001a   Code   RO          854    i.__ARM_common_switch8  lcd.o
    0x08008d40   0x0000000e   Code   RO         1949    i._is_digit         c_p.l(__printf_wp.o)
    0x08008d4e   0x00000002   PAD
    0x08008d50   0x0000008c   Code   RO         1985    x$fpl$fadd          fz_ps.l(faddsub.o)
    0x08008ddc   0x00000018   Code   RO         1986    x$fpl$frsb          fz_ps.l(faddsub.o)
    0x08008df4   0x000000d0   Code   RO         1987    x$fpl$fsub          fz_ps.l(faddsub.o)
    0x08008ec4   0x00000000   Code   RO         2092    x$fpl$usenofp       fz_ps.l(usenofp.o)
    0x08008ec4   0x00000200   Data   RO          173    .constdata          clock_arch.o
    0x080090c4   0x00000043   Data   RO          236    .constdata          mem.o
    0x08009107   0x000000ba   Data   RO          289    .constdata          gpio_mgr.o
    0x080091c1   0x00000003   PAD
    0x080091c4   0x00000010   Data   RO          317    .constdata          system_task.o
    0x080091d4   0x00000010   Data   RO          318    .constdata          system_task.o
    0x080091e4   0x0000004c   Data   RO          499    .constdata          device.o
    0x08009230   0x00000004   Data   RO          565    .constdata          os.o
    0x08009234   0x00000002   Data   RO          709    .constdata          led.o
    0x08009236   0x000005f0   Data   RO          837    .constdata          lcd.o
    0x08009826   0x00000002   PAD
    0x08009828   0x0000016b   Data   RO          869    .constdata          me2_ch2o.o
    0x08009993   0x00000001   PAD
    0x08009994   0x000000fe   Data   RO          914    .constdata          eeprom.o
    0x08009a92   0x00000002   PAD
    0x08009a94   0x000003ad   Data   RO          960    .constdata          w25qxx.o
    0x08009e41   0x0000000d   Data   RO          987    .constdata          cmd.o
    0x08009e4e   0x00000018   Data   RO          988    .constdata          cmd.o
    0x08009e66   0x00000003   Data   RO          989    .constdata          cmd.o
    0x08009e69   0x00000005   Data   RO          990    .constdata          cmd.o
    0x08009e6e   0x00000014   Data   RO          991    .constdata          cmd.o
    0x08009e82   0x00000004   Data   RO          992    .constdata          cmd.o
    0x08009e86   0x00000005   Data   RO          993    .constdata          cmd.o
    0x08009e8b   0x00000014   Data   RO          994    .constdata          cmd.o
    0x08009e9f   0x00000004   Data   RO          995    .constdata          cmd.o
    0x08009ea3   0x00000004   Data   RO          996    .constdata          cmd.o
    0x08009ea7   0x00000028   Data   RO          997    .constdata          cmd.o
    0x08009ecf   0x0000000a   Data   RO          998    .constdata          cmd.o
    0x08009ed9   0x00000022   Data   RO          999    .constdata          cmd.o
    0x08009efb   0x0000000b   Data   RO         1000    .constdata          cmd.o
    0x08009f06   0x00000012   Data   RO         1001    .constdata          cmd.o
    0x08009f18   0x0000000c   Data   RO         1002    .constdata          cmd.o
    0x08009f24   0x00000013   Data   RO         1003    .constdata          cmd.o
    0x08009f37   0x0000000e   Data   RO         1004    .constdata          cmd.o
    0x08009f45   0x0000004b   Data   RO         1005    .constdata          cmd.o
    0x08009f90   0x00000009   Data   RO         1006    .constdata          cmd.o
    0x08009f99   0x00000014   Data   RO         1007    .constdata          cmd.o
    0x08009fad   0x00000009   Data   RO         1008    .constdata          cmd.o
    0x08009fb6   0x0000002a   Data   RO         1009    .constdata          cmd.o
    0x08009fe0   0x0000000b   Data   RO         1010    .constdata          cmd.o
    0x08009feb   0x0000002c   Data   RO         1011    .constdata          cmd.o
    0x0800a017   0x00000009   Data   RO         1012    .constdata          cmd.o
    0x0800a020   0x0000003f   Data   RO         1013    .constdata          cmd.o
    0x0800a05f   0x00000001   PAD
    0x0800a060   0x00000297   Data   RO         1084    .constdata          q_shell.o
    0x0800a2f7   0x00000001   PAD
    0x0800a2f8   0x00000008   Data   RO         1614    .constdata          golfontdefault.o
    0x0800a300   0x00001580   Data   RO         1615    .constdata          golfontdefault.o
    0x0800b880   0x00000028   Data   RO         1922    .constdata          c_p.l(_printf_hex_int.o)
    0x0800b8a8   0x00000011   Data   RO         1952    .constdata          c_p.l(__printf_flags_wp.o)
    0x0800b8b9   0x00000040   Data   RO         1992    .constdata          fz_ps.l(fdiv.o)
    0x0800b8f9   0x000000e9   Data   RO          500    .conststring        device.o
    0x0800b9e2   0x000002c9   Data   RO          566    .conststring        os.o
    0x0800bcab   0x0000001c   Data   RO          961    .conststring        w25qxx.o
    0x0800bcc7   0x00000001   PAD
    0x0800bcc8   0x00000020   Data   RO         2228    Region$$Table       anon$$obj.o
    0x0800bce8   0x00000010   Data   RO         1017    qShellFunTab        cmd.o
    0x0800bcf8   0x00000010   Data   RO         1018    qShellFunTab        cmd.o
    0x0800bd08   0x00000010   Data   RO         1019    qShellFunTab        cmd.o
    0x0800bd18   0x00000010   Data   RO         1020    qShellFunTab        cmd.o
    0x0800bd28   0x00000010   Data   RO         1021    qShellFunTab        cmd.o
    0x0800bd38   0x00000010   Data   RO         1022    qShellFunTab        cmd.o
    0x0800bd48   0x00000010   Data   RO         1023    qShellFunTab        cmd.o
    0x0800bd58   0x00000010   Data   RO         1024    qShellFunTab        cmd.o
    0x0800bd68   0x00000010   Data   RO         1025    qShellFunTab        cmd.o
    0x0800bd78   0x00000010   Data   RO         1026    qShellVarTab        cmd.o
    0x0800bd88   0x00000010   Data   RO         1027    qShellVarTab        cmd.o
    0x0800bd98   0x00000010   Data   RO         1028    qShellVarTab        cmd.o


    Execution Region ER_RW (Base: 0x20000000, Size: 0x000005ec, Max: 0xffffffff, ABSOLUTE, COMPRESSED[0x00000040])

    Base Addr    Size         Type   Attr      Idx    E Section Name        Object

    0x20000000   0x00000014   Data   RW          146    .data               system_stm32f0xx.o
    0x20000014   0x00000494   Data   RW          237    .data               mem.o
    0x200004a8   0x00000001   Data   RW          264    .data               systick.o
    0x200004a9   0x00000001   Data   RW          319    .data               system_task.o
    0x200004aa   0x00000002   Data   RW          320    .data               system_task.o
    0x200004ac   0x00000004   Data   RW          473    .data               clockmanager.o
    0x200004b0   0x00000004   Data   RW          501    .data               device.o
    0x200004b4   0x00000001   Data   RW          523    .data               message.o
    0x200004b5   0x00000003   PAD
    0x200004b8   0x00000008   Data   RW          567    .data               os.o
    0x200004c0   0x00000004   Data   RW          594    .data               hal_timer.o
    0x200004c4   0x00000004   Data   RW          633    .data               usart1.o
    0x200004c8   0x00000008   Data   RW          634    .data               usart1.o
    0x200004d0   0x00000004   Data   RW          665    .data               usart2.o
    0x200004d4   0x00000008   Data   RW          710    .data               led.o
    0x200004dc   0x00000004   Data   RW          732    .data               relay.o
    0x200004e0   0x00000004   Data   RW          754    .data               spi2.o
    0x200004e4   0x00000008   Data   RW          838    .data               lcd.o
    0x200004ec   0x00000014   Data   RW          870    .data               me2_ch2o.o
    0x20000500   0x00000004   Data   RW          892    .data               htu20d.o
    0x20000504   0x0000000e   Data   RW          915    .data               eeprom.o
    0x20000512   0x00000002   PAD
    0x20000514   0x00000004   Data   RW          938    .data               spi1.o
    0x20000518   0x00000008   Data   RW          962    .data               w25qxx.o
    0x20000520   0x00000001   Data   RW         1014    .data               cmd.o
    0x20000521   0x00000001   PAD
    0x20000522   0x00000002   Data   RW         1015    .data               cmd.o
    0x20000524   0x00000004   Data   RW         1016    .data               cmd.o
    0x20000528   0x00000001   Data   RW         1085    .data               q_shell.o
    0x20000529   0x00000010   Data   RW         1393    .data               stm32f0xx_rcc.o
    0x20000539   0x00000001   PAD
    0x2000053a   0x00000008   Data   RW         1535    .data               button.o
    0x20000542   0x00000001   Data   RW         1557    .data               editbox.o
    0x20000543   0x00000001   PAD
    0x20000544   0x0000002c   Data   RW         1571    .data               gol.o
    0x20000570   0x00000008   Data   RW         1647    .data               listbox.o
    0x20000578   0x0000000a   Data   RW         1674    .data               picture.o
    0x20000582   0x00000002   PAD
    0x20000584   0x00000044   Data   RW         1687    .data               primitive.o
    0x200005c8   0x0000000d   Data   RW         1734    .data               progressbar.o
    0x200005d5   0x00000001   Data   RW         1759    .data               ssd1303.o
    0x200005d6   0x00000002   Data   RW         1760    .data               ssd1303.o
    0x200005d8   0x00000002   Data   RW         1761    .data               ssd1303.o
    0x200005da   0x00000002   Data   RW         1762    .data               ssd1303.o
    0x200005dc   0x00000002   Data   RW         1763    .data               ssd1303.o
    0x200005de   0x00000002   Data   RW         1764    .data               ssd1303.o
    0x200005e0   0x0000000c   Data   RW         1821    .data               statictext.o


    Execution Region ER_ZI (Base: 0x200005ec, Size: 0x0000117c, Max: 0xffffffff, ABSOLUTE)

    Base Addr    Size         Type   Attr      Idx    E Section Name        Object

    0x200005ec   0x00000011   Zero   RW          172    .bss                clock_arch.o
    0x200005fd   0x00000003   PAD
    0x20000600   0x00000018   Zero   RW          450    .bss                gui_task.o
    0x20000618   0x00000080   Zero   RW          664    .bss                usart2.o
    0x20000698   0x00000400   Zero   RW          836    .bss                lcd.o
    0x20000a98   0x00000020   Zero   RW          868    .bss                me2_ch2o.o
    0x20000ab8   0x00000049   Zero   RW         1083    .bss                q_shell.o
    0x20000b01   0x00000003   PAD
    0x20000b04   0x00000060   Zero   RW         2096    .bss                c_p.l(libspace.o)
    0x20000b64   0x00000004   PAD
    0x20000b68   0x00000800   Zero   RW            2    HEAP                startup_stm32f0xx.o
    0x20001368   0x00000400   Zero   RW            1    STACK               startup_stm32f0xx.o


==============================================================================

Image component sizes


      Code (inc. data)   RO Data    RW Data    ZI Data      Debug   Object Name

       728         78          0          8          0       2393   button.o
       488         10        512          0         17      10510   clock_arch.o
       708         38          0          4          0       4017   clockmanager.o
       104         10        734          7          0       4396   cmd.o
       468         74        309          4          0       3852   device.o
       732         82          0          1          0       2657   editbox.o
       996         52        254         14          0       4998   eeprom.o
      1382         82          0         44          0       8487   gol.o
         0          0       5512          0          0        449   golfontdefault.o
       288         36        186          0          0       3163   gpio_mgr.o
      1290         32          0          0          0       3721   grid.o
       540         48          0          0         24       1849   gui_task.o
       596        176          0          4          0       2806   hal_timer.o
      1168         94          0          4          0       4300   htu20d.o
      1410         86       1520          8       1024      10252   lcd.o
       108         12          2          8          0       1228   led.o
      1328        100          0          8          0       3896   listbox.o
       532         86          0          0          0       2213   manufacture_task.o
       992        144        363         20         32       4489   me2_ch2o.o
       748        148         67       1172          0       4451   mem.o
       272          4          0          1          0       1966   message.o
       110          0          0          0          0       1465   obj.o
       412        196        717          8          0       2097   os.o
       468         26          0         10          0       1751   picture.o
      2728         62          0         68          0       9371   primitive.o
       732         70          0         13          0       2182   progressbar.o
      2528        788        663          1         73       5611   q_shell.o
       308         46          0          4          0       2413   relay.o
       280         46          0          4          0       2279   spi1.o
       352         46          0          4          0      41075   spi2.o
       292          8          0         11          0      11198   ssd1303.o
        10          0          0          0          0     165683   start_up.o
        56         26        192          0       3072        640   startup_stm32f0xx.o
       520         50          0         12          0       2003   statictext.o
       548         12          0          0          0       5819   stm32f0xx_adc.o
       292         12          0          0          0       3110   stm32f0xx_dma.o
      1100         20          0          0          0       6666   stm32f0xx_flash.o
       348         22          0          0          0       3161   stm32f0xx_gpio.o
       832         24          0          0          0       8118   stm32f0xx_i2c.o
      1036         38          0         16          0       7558   stm32f0xx_rcc.o
       756         42          0          0          0       6383   stm32f0xx_spi.o
       348         30          0         20          0       1679   system_stm32f0xx.o
        40          6         32          3          0      17677   system_task.o
       132         20          0          1          0       6994   systick.o
       464         58          0         12          0       9765   usart1.o
       616         88          0          4        128       2768   usart2.o
       560         48          0          0          0       2299   user_task.o
      1784        154        969          8          0       7897   w25qxx.o

    ----------------------------------------------------------------------
     32538       3330      12075       1516       4376     423755   Object Totals
         0          0         32          0          0          0   (incl. Generated)
         8          0         11         10          6          0   (incl. Padding)

    ----------------------------------------------------------------------

      Code (inc. data)   RO Data    RW Data    ZI Data      Debug   Library Member Name

        58          0          0          0          0          0   __dczerorl.o
         8          0          0          0          0         68   __main.o
       312          6         17          0          0         76   __printf_flags_wp.o
        14          0          0          0          0         60   __printf_wp.o
        60          8          0          0          0          0   __scatter.o
        28          0          0          0          0          0   __scatter_zi.o
        10          0          0          0          0          0   _printf_c.o
        46          0          0          0          0        100   _printf_char.o
        48          6          0          0          0         88   _printf_char_common.o
        40          6          0          0          0         72   _printf_char_file.o
        10          0          0          0          0          0   _printf_d.o
       108         18          0          0          0         76   _printf_dec.o
        88          4         40          0          0         72   _printf_hex_int.o
       176          0          0          0          0         84   _printf_intcommon.o
        78          0          0          0          0        100   _printf_pad.o
         2          0          0          0          0          0   _printf_percent.o
         4          0          0          0          0          0   _printf_percent_end.o
        10          0          0          0          0          0   _printf_s.o
        82          0          0          0          0         72   _printf_str.o
        10          0          0          0          0          0   _printf_u.o
        10          0          0          0          0          0   _printf_x.o
        16          0          0          0          0         64   abort.o
       346          0          0          0          0         92   aeabi_sdiv.o
        48         34          0          0          0         68   defsig_abrt_inner.o
        12          0          0          0          0         68   defsig_abrt_outer.o
        12          0          0          0          0         68   defsig_exit.o
        52          0          0          0          0         72   defsig_general.o
        80         58          0          0          0         68   defsig_rtmem_inner.o
        12          0          0          0          0         68   defsig_rtmem_outer.o
        12          0          0          0          0         64   exit.o
         8          0          0          0          0         60   ferror.o
        98          0          0          0          0         72   h1_alloc.o
        52          0          0          0          0         68   h1_extend.o
        76          0          0          0          0         72   h1_free.o
        14          0          0          0          0         76   h1_init.o
         6          0          0          0          0        136   heapauxi.o
         4          0          0          0          0        120   hguard.o
         0          0          0          0          0          0   indicate_semi.o
       136          0          0          0          0        160   init_alloc.o
         2          0          0          0          0          0   libinit.o
        14          0          0          0          0          0   libinit2.o
         2          0          0          0          0          0   libshutdown.o
         2          0          0          0          0          0   libshutdown2.o
         8          4          0          0         96         68   libspace.o
         0          0          0          0          0          0   maybetermalloc1.o
        28          6          0          0          0         84   noretval__2printf.o
         8          4          0          0          0         68   rt_heap_descriptor_intlibspace.o
        64          0          0          0          0        108   rt_memclr.o
       186          0          0          0          0        144   rt_memcpy.o
         0          0          0          0          0          0   rtentry.o
        12          0          0          0          0          0   rtentry2.o
         6          0          0          0          0          0   rtentry4.o
         2          0          0          0          0          0   rtexit.o
        10          0          0          0          0          0   rtexit2.o
        40          0          0          0          0         60   rtudiv10.o
       136          4          0          0          0         72   strcmp.o
        76          6          0          0          0         72   strcpy.o
        12          4          0          0          0         60   sys_exit.o
        62          0          0          0          0         80   sys_stackheap_outer.o
        12          0          0          0          0         68   sys_wrch.o
         2          0          0          0          0         68   use_no_semi.o
       372          8          0          0          0        240   faddsub.o
       352          8         64          0          0         88   fdiv.o
        48          0          0          0          0         60   ffixui.o
        94          0          0          0          0         92   fflti.o
        68          4          0          0          0         68   fscalbn.o
         0          0          0          0          0          0   usenofp.o

    ----------------------------------------------------------------------
      3818        188        121          0        100       3764   Library Totals
        14          0          0          0          4          0   (incl. Padding)

    ----------------------------------------------------------------------

      Code (inc. data)   RO Data    RW Data    ZI Data      Debug   Library Name

      2870        168         57          0         96       3216   c_p.l
       934         20         64          0          0        548   fz_ps.l

    ----------------------------------------------------------------------
      3818        188        121          0        100       3764   Library Totals

    ----------------------------------------------------------------------

==============================================================================


      Code (inc. data)   RO Data    RW Data    ZI Data      Debug   

     36356       3518      12196       1516       4476     420311   Grand Totals
     36356       3518      12196         64       4476     420311   ELF Image Totals (compressed)
     36356       3518      12196         64          0          0   ROM Totals

==============================================================================

    Total RO  Size (Code + RO Data)                48552 (  47.41kB)
    Total RW  Size (RW Data + ZI Data)              5992 (   5.85kB)
    Total ROM Size (Code + RO Data + RW Data)      48616 (  47.48kB)

==============================================================================

